// Jest Snapshot v1, https://goo.gl/fbAQLP

exports[`Action Item Display component renders correctly when there are no action items. 1`] = `
<div
  className=""
  onKeyDown={[Function]}
  onMouseDown={[Function]}
  onMouseMove={[Function]}
  onScroll={[Function]}
  onTouchMove={[Function]}
  onTouchStart={[Function]}
>
  <div
    className="action-items"
  />
</div>
`;
